[0m17:13:58.689816 [debug] [MainThread]: Sending event: {'category': 'dbt', 'action': 'invocation', 'label': 'start', 'context': [<snowplow_tracker.self_describing_json.SelfDescribingJson object at 0x00000291F6D499D0>, <snowplow_tracker.self_describing_json.SelfDescribingJson object at 0x00000291F6DEE7D0>, <snowplow_tracker.self_describing_json.SelfDescribingJson object at 0x00000291F6D48410>]}


============================== 17:13:58.698819 | 7adb8618-fe37-4932-a305-576196a8f3f0 ==============================
[0m17:13:58.698819 [info ] [MainThread]: Running with dbt=1.12.5
[0m17:13:58.702814 [debug] [MainThread]: running dbt with arguments {'maximum_seed_size_mib': '1', 'no_print': 'None', 'static_parser': 'True', 'target_path': 'None', 'version_check': 'True', 'warn_error_options': 'WarnErrorOptionsV2(error=[], warn=[], silence=[])', 'printer_width': '80', 'write_json': 'True', 'empty': 'False', 'log_cache_events': 'False', 'introspect': 'True', 'cache_selected_only': 'False', 'log_format': 'default', 'debug': 'False', 'fail_fast': 'False', 'partial_parse': 'True', 'send_anonymous_usage_stats': 'True', 'quiet': 'False', 'warn_error': 'None', 'profiles_dir': 'C:\\Users\\pc\\.dbt', 'use_colors': 'True', 'hints_enabled': 'True', 'invocation_command': 'dbt run --select dim_date', 'use_experimental_parser': 'False', 'indirect_selection': 'eager', 'log_path': 'logs'}
[0m17:13:58.708823 [error] [MainThread]: [[31mERROR[0m]: Encountered an error:
Runtime Error
  No dbt_project.yml found at expected path C:\Users\pc\Documents\Project_Bank\dbt_project.yml
  Verify that each entry within packages.yml (and their transitive dependencies) contains a file named dbt_project.yml
  
[0m17:13:58.711887 [debug] [MainThread]: Command `dbt run` failed at 17:13:58.711887 after 0.31 seconds
[0m17:13:58.712914 [debug] [MainThread]: Sending event: {'category': 'dbt', 'action': 'invocation', 'label': 'end', 'context': [<snowplow_tracker.self_describing_json.SelfDescribingJson object at 0x00000291F6E3F9D0>, <snowplow_tracker.self_describing_json.SelfDescribingJson object at 0x00000291F6E3CB90>, <snowplow_tracker.self_describing_json.SelfDescribingJson object at 0x00000291F6D4A6D0>]}
[0m17:13:58.713816 [debug] [MainThread]: Flushing usage events
[0m17:14:00.198604 [debug] [MainThread]: An error was encountered while trying to flush usage events
[0m17:14:09.451889 [debug] [MainThread]: Sending event: {'category': 'dbt', 'action': 'invocation', 'label': 'start', 'context': [<snowplow_tracker.self_describing_json.SelfDescribingJson object at 0x000001FCDD3B1ED0>, <snowplow_tracker.self_describing_json.SelfDescribingJson object at 0x000001FCDD455E10>, <snowplow_tracker.self_describing_json.SelfDescribingJson object at 0x000001FCDD457A10>]}


============================== 17:14:09.456784 | d1e2b1d4-5083-4277-bec0-c5959dd87bec ==============================
[0m17:14:09.456784 [info ] [MainThread]: Running with dbt=1.12.5
[0m17:14:09.457786 [debug] [MainThread]: running dbt with arguments {'version_check': 'True', 'no_print': 'None', 'maximum_seed_size_mib': '1', 'warn_error_options': 'WarnErrorOptionsV2(error=[], warn=[], silence=[])', 'target_path': 'None', 'static_parser': 'True', 'printer_width': '80', 'write_json': 'True', 'empty': 'False', 'log_cache_events': 'False', 'introspect': 'True', 'cache_selected_only': 'False', 'fail_fast': 'False', 'debug': 'False', 'log_format': 'default', 'partial_parse': 'True', 'send_anonymous_usage_stats': 'True', 'quiet': 'False', 'warn_error': 'None', 'profiles_dir': 'C:\\Users\\pc\\.dbt', 'invocation_command': 'dbt run --select dim_date', 'hints_enabled': 'True', 'indirect_selection': 'eager', 'use_experimental_parser': 'False', 'use_colors': 'True', 'log_path': 'logs'}
[0m17:14:09.458840 [error] [MainThread]: [[31mERROR[0m]: Encountered an error:
Runtime Error
  No dbt_project.yml found at expected path C:\Users\pc\Documents\Project_Bank\dbt_project.yml
  Verify that each entry within packages.yml (and their transitive dependencies) contains a file named dbt_project.yml
  
[0m17:14:09.459783 [debug] [MainThread]: Command `dbt run` failed at 17:14:09.459783 after 0.16 seconds
[0m17:14:09.460784 [debug] [MainThread]: Sending event: {'category': 'dbt', 'action': 'invocation', 'label': 'end', 'context': [<snowplow_tracker.self_describing_json.SelfDescribingJson object at 0x000001FCDD552FD0>, <snowplow_tracker.self_describing_json.SelfDescribingJson object at 0x000001FCDD551050>, <snowplow_tracker.self_describing_json.SelfDescribingJson object at 0x000001FCDD457E10>]}
[0m17:14:09.461783 [debug] [MainThread]: Flushing usage events
[0m17:14:10.745146 [debug] [MainThread]: An error was encountered while trying to flush usage events
